file://<WORKSPACE>/main.go:11:6 — main.Helper [Function]
file://<WORKSPACE>/main.go:16:6 — main.DemoStruct [Struct]
file://<WORKSPACE>/main.go:17:2 — main.DemoStruct.Field [Field]
file://<WORKSPACE>/main.go:21:22 — main.DemoStruct.Value [Method]
file://<WORKSPACE>/main.go:26:6 — main.UsingHelper [Function]
file://<WORKSPACE>/main.go:31:6 — main.UnusedFunc [Function]
file://<WORKSPACE>/main.go:5:6 — main [Function]
file://<WORKSPACE>/pkg/greeter.go:19:6 — github.com/postfix/serena-fixture/pkg.NewGreeter [Function]
