Function main (file://<WORKSPACE>/main.go)
  Function Println (file:///usr/local/go/src/fmt/print.go)
    Function Fprintln (file:///usr/local/go/src/fmt/print.go)
      Function newPrinter (file:///usr/local/go/src/fmt/print.go)
      Function free (file:///usr/local/go/src/fmt/print.go)
      Function doPrintln (file:///usr/local/go/src/fmt/print.go)
      Function Write (file:///usr/local/go/src/io/io.go)
  Function Helper (file://<WORKSPACE>/main.go)
    Function Println (file:///usr/local/go/src/fmt/print.go)
      Function Fprintln (file:///usr/local/go/src/fmt/print.go)
