analyze_blast_radius
create_file
delete_memory
edit_memory
find_files
find_implementations
find_references
format_code
fuzzy_edit
get_call_hierarchy
get_code_actions
get_context
get_diagnostics
get_health
get_hover_info
get_repo_map
get_symbol_overview
get_token_budget
get_tool_help
get_type_hierarchy
go_to_definition
list_directory
list_memories
onboard_project
read_memory
rename_memory
rename_symbol
replace_in_file
safe_delete_symbol
search_in_files
search_memories
search_symbols
verify_edit
write_memory
