activate_project: (no brief description)
analyze_blast_radius: (no brief description)
create_file: (no brief description)
delete_memory: (no brief description)
echo: (no brief description)
edit_memory: (no brief description)
find_files: (no brief description)
find_implementations: (no brief description)
find_references: (no brief description)
format_code: (no brief description)
fuzzy_edit: (no brief description)
get_call_hierarchy: (no brief description)
get_code_actions: (no brief description)
get_context: (no brief description)
get_diagnostics: (no brief description)
get_health: (no brief description)
get_hover_info: (no brief description)
get_repo_map: (no brief description)
get_symbol_overview: (no brief description)
get_token_budget: (no brief description)
get_tool_help: Get detailed help and usage examples for a tool
get_type_hierarchy: (no brief description)
go_to_definition: (no brief description)
insert_after_symbol: (no brief description)
insert_before_symbol: (no brief description)
list_directory: (no brief description)
list_memories: (no brief description)
onboard_project: (no brief description)
ping: (no brief description)
prepare_for_new_conversation: (no brief description)
read_file: (no brief description)
read_memory: (no brief description)
rename_memory: (no brief description)
rename_symbol: (no brief description)
replace_in_file: (no brief description)
replace_symbol_body: (no brief description)
safe_delete_symbol: (no brief description)
search_in_files: (no brief description)
search_memories: (no brief description)
search_symbols: (no brief description)
switch_mode: (no brief description)
verify_edit: (no brief description)
write_memory: (no brief description)
